
UTF-8 encoded sample plain-text file
‾‾‾‾‾‾‾‾‾‾‾‾‾‾‾‾‾‾‾‾‾‾‾‾‾‾‾‾‾‾‾‾‾‾‾‾

Markus Kuhn [ˈmaʳkʊs kuːn] <http://www.cl.cam.ac.uk/~mgk25/> — 2002-07-25


The ASCII compatible UTF-8 encoding used in this plain-text file
is defined in Unicode, ISO 10646-1, and RFC 2279.

